// Jest Snapshot v1, https://goo.gl/fbAQLP

exports[`<Condition /> should render with price checkboxes. 1`] = `
<div
  className="root"
>
  <div>
    <label>
      <input
        checked={false}
        onChange={[Function]}
        type="checkbox"
        value="1"
      />
      $
    </label>
    <label>
      <input
        checked={false}
        onChange={[Function]}
        type="checkbox"
        value="2"
      />
      $$
    </label>
    <label>
      <input
        checked={false}
        onChange={[Function]}
        type="checkbox"
        value="3"
      />
      $$$
    </label>
    <label>
      <input
        checked={false}
        onChange={[Function]}
        type="checkbox"
        value="4"
      />
      $$$$
    </label>
  </div>
  <span>
    radius:
  </span>
  <div
    className="root"
  >
    <input
      onBlur={[Function]}
      type="text"
    />
  </div>
  <span>
    meters
  </span>
</div>
`;
