// Jest Snapshot v1, https://goo.gl/fbAQLP

exports[`Place Component With Jest snapshot, renders rating section when present 1`] = `
<div
  className="root"
>
  <div
    className="name"
  >
    Where for lunch?
  </div>
  <div
    className="box"
  >
    <div />
    <div />
    <div />
    <div />
    <div
      className="ratingScore"
    >
       reviews
    </div>
    <span
      className="root"
    >
      <div
        className="rating"
      >
        <div
          className="stars"
        >
          <div
            className="emptyStars"
          />
          <div
            className="fullStars"
            style={
              Object {
                "width": "70%",
              }
            }
          />
        </div>
      </div>
    </span>
  </div>
</div>
`;
