// Jest Snapshot v1, https://goo.gl/fbAQLP

exports[`Search Container renders properly 1`] = `
<section
  className="root"
>
  <header
    className="header"
  >
    <h1>
      <span
        className="badge green"
      >
        OPEN
      </span>
    </h1>
    <span />
    <p />
  </header>
  <div
    className="row"
  >
    <div
      className="contactDetails"
    >
      <p>
        Address:Â 
      </p>
      <div
        className="root"
      >
        <div
          hidden={true}
          id="map"
        />
      </div>
    </div>
  </div>
</section>
`;
