// Jest Snapshot v1, https://goo.gl/fbAQLP

exports[`Search Container renders properly 1`] = `
<form
  className="searchWrapper"
  onSubmit={[Function]}
>
  <div>
    <p>
      Price Options:
    </p>
    <label
      className="root"
    >
      <input
        checked={false}
        name="price-options"
        onClick={[Function]}
        type="checkbox"
        value={1}
      />
      $
    </label>
    <label
      className="root"
    >
      <input
        checked={false}
        name="price-options"
        onClick={[Function]}
        type="checkbox"
        value={2}
      />
      $$
    </label>
    <label
      className="root"
    >
      <input
        checked={false}
        name="price-options"
        onClick={[Function]}
        type="checkbox"
        value={3}
      />
      $$$
    </label>
    <label
      className="root"
    >
      <input
        checked={false}
        name="price-options"
        onClick={[Function]}
        type="checkbox"
        value={4}
      />
      $$$$
    </label>
  </div>
  <div
    className="root"
  >
    <span>
      Radius:
    </span>
    <div
      className="root"
    >
      <input
        onBlur={[Function]}
        type="text"
      />
    </div>
    <span>
      meters
    </span>
  </div>
  <button
    className="root homepageClick"
    disabled={true}
  />
</form>
`;
